// Vitest Snapshot v1, https://vitest.dev/guide/snapshot.html

exports[`swatch > should return properly with #808080 and { monochromatic: true } 1`] = `
{
  "100": "#d1d1d1",
  "200": "#b4b4b4",
  "300": "#989898",
  "400": "#7d7d7d",
  "50": "#eeeeee",
  "500": "#636363",
  "600": "#4a4a4a",
  "700": "#333333",
  "800": "#1d1d1d",
  "900": "#090909",
}
`;

exports[`swatch > should return properly with #808080 and { monochromatic: true, scale: 'linear' } 1`] = `
{
  "100": "#dedede",
  "200": "#bebebe",
  "300": "#9e9e9e",
  "400": "#808080",
  "50": "#eeeeee",
  "500": "#636363",
  "600": "#484848",
  "700": "#2e2e2e",
  "800": "#161616",
  "900": "#030303",
}
`;

exports[`swatch > should return properly with #d4ffc7 and { variant: 'vibrant' } 1`] = `
{
  "100": "#afe29f",
  "200": "#93c483",
  "300": "#77a868",
  "400": "#5d8c4e",
  "50": "#ccffbc",
  "500": "#427132",
  "600": "#1c5a00",
  "700": "#004200",
  "800": "#002b00",
  "900": "#001400",
}
`;

exports[`swatch > should return properly with #ff0044 and { format: 'oklch' } 1`] = `
{
  "100": "oklch(73.814% 0.16213 14.45451)",
  "200": "oklch(69.005% 0.20179 16.21216)",
  "300": "oklch(65.108% 0.2365 18.79042)",
  "400": "oklch(59.786% 0.24055 21.28701)",
  "50": "oklch(79.349% 0.12138 11.90057)",
  "500": "oklch(53.396% 0.21706 26.08696)",
  "600": "oklch(48.149% 0.19757 29.23375)",
  "700": "oklch(42.475% 0.1743 29.23276)",
  "800": "oklch(36.391% 0.14933 29.23423)",
  "900": "oklch(29.589% 0.12142 29.23565)",
}
`;

exports[`swatch > should return properly with #ff0044 and { mode: 'dark' } 1`] = `
{
  "100": "#ff5f74",
  "200": "#ff425e",
  "300": "#ff1949",
  "400": "#e70033",
  "50": "#ff7a8a",
  "500": "#cd001b",
  "600": "#a80000",
  "700": "#800000",
  "800": "#560000",
  "900": "#290000",
}
`;

exports[`swatch > should return properly with #ff0044 and { mode: 'light' } 1`] = `
{
  "100": "#ffa5b0",
  "200": "#ff7a8a",
  "300": "#ff4c65",
  "400": "#f90041",
  "50": "#ffd0d8",
  "500": "#cd001b",
  "600": "#ba0000",
  "700": "#a50000",
  "800": "#900000",
  "900": "#790000",
}
`;

exports[`swatch > should return properly with #ff0044 and undefined 1`] = `
{
  "100": "#ff7a8a",
  "200": "#ff586f",
  "300": "#ff3053",
  "400": "#ed0039",
  "50": "#ff9aa7",
  "500": "#cd001b",
  "600": "#b30000",
  "700": "#970000",
  "800": "#7a0000",
  "900": "#5b0000",
}
`;

exports[`swatch > should return properly with hsl(136 100% 50%) and { scale: 'linear' } 1`] = `
{
  "100": "hsl(129.71 100% 60%)",
  "200": "hsl(129.87 100% 45.29%)",
  "300": "hsl(120 100% 38.63%)",
  "400": "hsl(120 100% 32.16%)",
  "50": "hsl(128.18 100% 65.49%)",
  "500": "hsl(120 100% 25.88%)",
  "600": "hsl(120 100% 20%)",
  "700": "hsl(120 100% 14.12%)",
  "800": "hsl(120 100% 8.43%)",
  "900": "hsl(120 100% 3.33%)",
}
`;

exports[`swatch > should return properly with hsl(136 100% 50%) and { variant: 'deep' } 1`] = `
{
  "100": "hsl(124.9 77.78% 62.94%)",
  "200": "hsl(130.18 73.99% 43.73%)",
  "300": "hsl(120 100% 30.39%)",
  "400": "hsl(120 100% 23.14%)",
  "50": "hsl(123.87 100% 75.69%)",
  "500": "hsl(120 100% 16.08%)",
  "600": "hsl(120 100% 12.75%)",
  "700": "hsl(120 100% 9.61%)",
  "800": "hsl(120 100% 6.27%)",
  "900": "hsl(120 100% 3.33%)",
}
`;

exports[`swatch > should return properly with hsl(136 100% 50%) and undefined 1`] = `
{
  "100": "hsl(135 96.83% 50.59%)",
  "200": "hsl(124.07 100% 43.33%)",
  "300": "hsl(120 100% 37.25%)",
  "400": "hsl(120 100% 31.57%)",
  "50": "hsl(128.18 100% 65.49%)",
  "500": "hsl(120 100% 25.88%)",
  "600": "hsl(120 100% 20.59%)",
  "700": "hsl(120 100% 15.49%)",
  "800": "hsl(120 100% 10.2%)",
  "900": "hsl(120 100% 5.1%)",
}
`;

exports[`swatch > should return properly with oklab(70.622% 0.1374 0.14283) and { variant: 'neutral' } 1`] = `
{
  "100": "oklab(85.291% 0.05809 0.06621)",
  "200": "oklab(76.912% 0.06605 0.06864)",
  "300": "oklab(67.889% 0.06645 0.06852)",
  "400": "oklab(58.943% 0.06709 0.0684)",
  "50": "oklab(91.316% 0.02509 0.05462)",
  "500": "oklab(50% 0.06984 0.07108)",
  "600": "oklab(41.215% 0.08844 0.08327)",
  "700": "oklab(32.704% 0.11711 0.06554)",
  "800": "oklab(27.542% 0.09863 0.0552)",
  "900": "oklab(21.638% 0.07748 0.04336)",
}
`;

exports[`swatch > should return properly with oklab(70.622% 0.1374 0.14283) and undefined 1`] = `
{
  "100": "oklab(79.198% 0.07597 0.12194)",
  "200": "oklab(73.982% 0.11238 0.13328)",
  "300": "oklab(68.043% 0.13555 0.13758)",
  "400": "oklab(59.235% 0.14269 0.1195)",
  "50": "oklab(84.977% 0.03983 0.1112)",
  "500": "oklab(50.44% 0.15441 0.10138)",
  "600": "oklab(43.91% 0.15724 0.088)",
  "700": "oklab(38.726% 0.13867 0.07761)",
  "800": "oklab(33.143% 0.11868 0.06642)",
  "900": "oklab(26.389% 0.0945 0.05289)",
}
`;

exports[`swatch > should return properly with oklch(0.65 0.3 27.34) and undefined 1`] = `
{
  "100": "oklch(69.36% 0.19638 26.36542)",
  "200": "oklch(64.788% 0.23788 26.12125)",
  "300": "oklch(62.796% 0.25768 29.23494)",
  "400": "oklch(62.796% 0.25768 29.23494)",
  "50": "oklch(74.836% 0.15206 27.95369)",
  "500": "oklch(56.362% 0.23129 29.23266)",
  "600": "oklch(51.12% 0.20977 29.235)",
  "700": "oklch(45.334% 0.18603 29.2326)",
  "800": "oklch(38.937% 0.15978 29.23293)",
  "900": "oklch(31.822% 0.13058 29.23275)",
}
`;

exports[`swatch > should return properly with oklch(47.642% 0.29956 274.93693) and { variant: 'pastel' } 1`] = `
{
  "100": "oklch(85.528% 0.07122 273.43732)",
  "200": "oklch(76.966% 0.08707 275.4238)",
  "300": "oklch(67.926% 0.08696 274.86158)",
  "400": "oklch(59.004% 0.08682 274.92258)",
  "50": "oklch(93.566% 0.03103 257.22684)",
  "500": "oklch(49.871% 0.09017 274.96258)",
  "600": "oklch(40.999% 0.11411 275.20898)",
  "700": "oklch(32.002% 0.14028 275.03025)",
  "800": "oklch(24.427% 0.1541 274.52589)",
  "900": "oklch(21.803% 0.13504 276.86451)",
}
`;

exports[`swatch > should return properly with oklch(47.642% 0.29956 274.93693) and undefined 1`] = `
{
  "100": "oklch(77.724% 0.11327 274.07048)",
  "200": "oklch(69.778% 0.16006 277.47755)",
  "300": "oklch(62.286% 0.20608 277.97715)",
  "400": "oklch(55.313% 0.25032 277.38138)",
  "50": "oklch(85.977% 0.0686 264.91522)",
  "500": "oklch(48.983% 0.29101 275.61636)",
  "600": "oklch(45.903% 0.29037 274.18684)",
  "700": "oklch(43.228% 0.27151 275.07769)",
  "800": "oklch(40.859% 0.24999 278.47206)",
  "900": "oklch(38.483% 0.22875 282.47665)",
}
`;

exports[`swatch > should return properly with rgb(255 230 109) and { variant: 'subtle' } 1`] = `
{
  "100": "rgb(213 209 191)",
  "200": "rgb(184 181 163)",
  "300": "rgb(156 153 136)",
  "400": "rgb(129 126 109)",
  "50": "rgb(243 239 220)",
  "500": "rgb(103 100 81)",
  "600": "rgb(82 75 39)",
  "700": "rgb(62 50 0)",
  "800": "rgb(43 26 0)",
  "900": "rgb(24 3 0)",
}
`;

exports[`swatch > should return properly with rgb(255 230 109) and undefined 1`] = `
{
  "100": "rgb(234 209 92)",
  "200": "rgb(204 180 58)",
  "300": "rgb(176 152 8)",
  "400": "rgb(148 124 0)",
  "50": "rgb(255 239 123)",
  "500": "rgb(122 97 0)",
  "600": "rgb(100 70 0)",
  "700": "rgb(78 42 0)",
  "800": "rgb(57 13 0)",
  "900": "rgb(33 0 0)",
}
`;
